2023-07-14 05:09:47,908 INFO    MainThread:41699 [wandb_setup.py:_flush():76] Current SDK version is 0.15.6.dev1
2023-07-14 05:09:47,913 INFO    MainThread:41699 [wandb_setup.py:_flush():76] Configure stats pid to 41699
2023-07-14 05:09:47,915 INFO    MainThread:41699 [wandb_setup.py:_flush():76] Loading settings from /Users/estellaxin/.config/wandb/settings
2023-07-14 05:09:47,917 INFO    MainThread:41699 [wandb_setup.py:_flush():76] Loading settings from /Users/estellaxin/Projects/wandb/tests/pytest_tests/unit_tests_old/logs/test_artifact_string_run_config_init/wandb/settings
2023-07-14 05:09:47,919 WARNING MainThread:41699 [wandb_setup.py:_flush():76] Unknown environment variable: WANDB_ERROR_REPORTING
2023-07-14 05:09:47,921 INFO    MainThread:41699 [wandb_setup.py:_flush():76] Loading settings from environment variables: {'_network_buffer': '1000', 'username': 'test_artifact_string_run_config_init', 'base_url': 'http://localhost:63747', 'api_key': '***REDACTED***'}
2023-07-14 05:09:47,923 INFO    MainThread:41699 [wandb_setup.py:_flush():76] Applying setup settings: {'_disable_service': False}
2023-07-14 05:09:47,931 INFO    MainThread:41699 [wandb_setup.py:_flush():76] Inferring run settings from compute environment: {'program': '<python with no main file>'}
2023-07-14 05:09:47,934 INFO    MainThread:41699 [wandb_init.py:_log_setup():507] Logging user logs to /Users/estellaxin/Projects/wandb/tests/pytest_tests/unit_tests_old/logs/test_artifact_string_run_config_init/wandb/run-20230714_050947-s8x27dpq/logs/debug.log
2023-07-14 05:09:47,937 INFO    MainThread:41699 [wandb_init.py:_log_setup():508] Logging internal logs to /Users/estellaxin/Projects/wandb/tests/pytest_tests/unit_tests_old/logs/test_artifact_string_run_config_init/wandb/run-20230714_050947-s8x27dpq/logs/debug-internal.log
2023-07-14 05:09:47,939 INFO    MainThread:41699 [wandb_init.py:init():547] calling init triggers
2023-07-14 05:09:47,942 INFO    MainThread:41699 [wandb_init.py:init():554] wandb.init called with sweep_config: {}
config: {}
2023-07-14 05:09:47,946 INFO    MainThread:41699 [wandb_init.py:init():596] starting backend
2023-07-14 05:09:47,950 INFO    MainThread:41699 [wandb_init.py:init():600] setting up manager
2023-07-14 05:09:47,957 INFO    MainThread:41699 [backend.py:_multiprocessing_setup():106] multiprocessing start_methods=spawn,fork,forkserver, using: spawn
2023-07-14 05:09:47,960 INFO    MainThread:41699 [wandb_init.py:init():606] backend started and connected
2023-07-14 05:09:47,984 INFO    MainThread:41699 [wandb_init.py:init():697] updated telemetry
2023-07-14 05:09:48,039 INFO    MainThread:41699 [wandb_init.py:init():730] communicating run to backend with 60.0 second timeout
2023-07-14 05:09:48,089 INFO    MainThread:41699 [wandb_run.py:_on_init():2174] communicating current version
2023-07-14 05:09:48,397 INFO    MainThread:41699 [wandb_run.py:_on_init():2183] got version response 
2023-07-14 05:09:48,400 INFO    MainThread:41699 [wandb_init.py:init():781] starting run threads in backend
2023-07-14 05:09:48,560 ERROR   MainThread:41699 [wandb_init.py:init():1165] 'ttlDurationSeconds'
Traceback (most recent call last):
  File "/Users/estellaxin/Projects/wandb/wandb/apis/normalize.py", line 41, in wrapper
    return func(*args, **kwargs)
  File "/Users/estellaxin/Projects/wandb/wandb/apis/public.py", line 926, in artifact
    artifact = wandb.Artifact._from_name(
  File "/Users/estellaxin/Projects/wandb/wandb/sdk/artifacts/artifact.py", line 292, in _from_name
    return cls._from_attrs(entity, project, name, attrs, client)
  File "/Users/estellaxin/Projects/wandb/wandb/sdk/artifacts/artifact.py", line 333, in _from_attrs
    artifact._ttl_duration_seconds = attrs["ttlDurationSeconds"]
KeyError: 'ttlDurationSeconds'

During handling of the above exception, another exception occurred:

Traceback (most recent call last):
  File "/Users/estellaxin/Projects/wandb/wandb/sdk/wandb_init.py", line 1147, in init
    run = wi.init()
  File "/Users/estellaxin/Projects/wandb/wandb/sdk/wandb_init.py", line 811, in init
    run.config.update({k: v}, allow_val_change=True)
  File "/Users/estellaxin/Projects/wandb/wandb/sdk/wandb_config.py", line 184, in update
    sanitized = self._update(d, allow_val_change)
  File "/Users/estellaxin/Projects/wandb/wandb/sdk/wandb_config.py", line 177, in _update
    sanitized = self._sanitize_dict(
  File "/Users/estellaxin/Projects/wandb/wandb/sdk/wandb_config.py", line 237, in _sanitize_dict
    k, v = self._sanitize(k, v, allow_val_change)
  File "/Users/estellaxin/Projects/wandb/wandb/sdk/wandb_config.py", line 252, in _sanitize
    val = self._artifact_callback(key, val)
  File "/Users/estellaxin/Projects/wandb/wandb/sdk/wandb_run.py", line 1310, in _config_artifact_callback
    artifact = public_api.artifact(name=artifact_string)
  File "/Users/estellaxin/Projects/wandb/wandb/apis/normalize.py", line 87, in wrapper
    raise CommError(message, err).with_traceback(sys.exc_info()[2])
  File "/Users/estellaxin/Projects/wandb/wandb/apis/normalize.py", line 41, in wrapper
    return func(*args, **kwargs)
  File "/Users/estellaxin/Projects/wandb/wandb/apis/public.py", line 926, in artifact
    artifact = wandb.Artifact._from_name(
  File "/Users/estellaxin/Projects/wandb/wandb/sdk/artifacts/artifact.py", line 292, in _from_name
    return cls._from_attrs(entity, project, name, attrs, client)
  File "/Users/estellaxin/Projects/wandb/wandb/sdk/artifacts/artifact.py", line 333, in _from_attrs
    artifact._ttl_duration_seconds = attrs["ttlDurationSeconds"]
wandb.errors.CommError: 'ttlDurationSeconds'
2023-07-14 05:09:51,465 WARNING MsgRouterThr:41699 [router.py:message_loop():77] message_loop has been closed
2023-07-14 05:09:54,503 INFO    MainThread:41699 [wandb_setup.py:_flush():76] Current SDK version is 0.15.6.dev1
2023-07-14 05:09:54,511 INFO    MainThread:41699 [wandb_setup.py:_flush():76] Configure stats pid to 41699
2023-07-14 05:09:54,514 INFO    MainThread:41699 [wandb_setup.py:_flush():76] Loading settings from /Users/estellaxin/.config/wandb/settings
2023-07-14 05:09:54,517 INFO    MainThread:41699 [wandb_setup.py:_flush():76] Loading settings from /Users/estellaxin/Projects/wandb/tests/pytest_tests/unit_tests_old/logs/test_agent_inf_jobs/wandb/settings
2023-07-14 05:09:54,519 WARNING MainThread:41699 [wandb_setup.py:_flush():76] Unknown environment variable: WANDB_ERROR_REPORTING
2023-07-14 05:09:54,521 INFO    MainThread:41699 [wandb_setup.py:_flush():76] Loading settings from environment variables: {'_network_buffer': '1000', 'username': 'test_agent_inf_jobs', 'base_url': 'http://localhost:63747', 'api_key': '***REDACTED***'}
2023-07-14 05:09:54,523 INFO    MainThread:41699 [wandb_setup.py:_flush():76] Applying setup settings: {'_disable_service': False}
2023-07-14 05:09:54,525 INFO    MainThread:41699 [wandb_setup.py:_flush():76] Inferring run settings from compute environment: {'program': '<python with no main file>'}
2023-07-14 05:09:54,527 INFO    MainThread:41699 [wandb_init.py:_log_setup():507] Logging user logs to /Users/estellaxin/Projects/wandb/tests/pytest_tests/unit_tests_old/logs/test_agent_inf_jobs/wandb/run-20230714_050954-test_agent/logs/debug.log
2023-07-14 05:09:54,531 INFO    MainThread:41699 [wandb_init.py:_log_setup():508] Logging internal logs to /Users/estellaxin/Projects/wandb/tests/pytest_tests/unit_tests_old/logs/test_agent_inf_jobs/wandb/run-20230714_050954-test_agent/logs/debug-internal.log
2023-07-14 05:09:54,534 INFO    MainThread:41699 [wandb_init.py:init():547] calling init triggers
2023-07-14 05:09:54,537 INFO    MainThread:41699 [wandb_init.py:init():554] wandb.init called with sweep_config: {}
config: {}
2023-07-14 05:09:54,539 INFO    MainThread:41699 [wandb_init.py:init():596] starting backend
2023-07-14 05:09:54,541 INFO    MainThread:41699 [wandb_init.py:init():600] setting up manager
2023-07-14 05:09:54,557 INFO    MainThread:41699 [backend.py:_multiprocessing_setup():106] multiprocessing start_methods=spawn,fork,forkserver, using: spawn
2023-07-14 05:09:54,563 INFO    MainThread:41699 [wandb_init.py:init():606] backend started and connected
2023-07-14 05:09:54,604 INFO    MainThread:41699 [wandb_init.py:init():697] updated telemetry
2023-07-14 05:09:54,607 INFO    MainThread:41699 [wandb_init.py:init():730] communicating run to backend with 60.0 second timeout
2023-07-14 05:09:54,673 INFO    MainThread:41699 [wandb_run.py:_on_init():2174] communicating current version
2023-07-14 05:09:54,817 INFO    MainThread:41699 [wandb_run.py:_on_init():2183] got version response 
2023-07-14 05:09:54,820 INFO    MainThread:41699 [wandb_init.py:init():781] starting run threads in backend
2023-07-14 05:09:55,148 INFO    MainThread:41699 [wandb_run.py:_console_start():2153] atexit reg
2023-07-14 05:09:55,157 INFO    MainThread:41699 [wandb_run.py:_redirect():2008] redirect: wrap_raw
2023-07-14 05:09:55,164 INFO    MainThread:41699 [wandb_run.py:_redirect():2073] Wrapping output streams.
2023-07-14 05:09:55,167 INFO    MainThread:41699 [wandb_run.py:_redirect():2098] Redirects installed.
2023-07-14 05:09:55,171 INFO    MainThread:41699 [wandb_init.py:init():822] run started, returning control to user process
2023-07-14 05:09:55,179 INFO    MainThread:41699 [wandb_run.py:_finish():1888] finishing run mock_server_entity/test/test_agent
2023-07-14 05:09:55,184 INFO    MainThread:41699 [wandb_run.py:_atexit_cleanup():2122] got exitcode: 0
2023-07-14 05:09:55,188 INFO    MainThread:41699 [wandb_run.py:_restore():2105] restore
2023-07-14 05:09:55,192 INFO    MainThread:41699 [wandb_run.py:_restore():2111] restore done
2023-07-14 05:09:58,261 INFO    MainThread:41699 [utils.py:is_bare_wandb_uri():239] Checking if uri https://wandb.ai/mock_server_entity/test/runs/1 is bare...
2023-07-14 05:09:58,265 INFO    MainThread:41699 [_project_spec.py:__init__():130] URI https://wandb.ai/mock_server_entity/test/runs/1 indicates a wandb uri
2023-07-14 05:09:58,267 INFO    MainThread:41699 [_project_spec.py:_fetch_project_local():309] Fetching project locally...
2023-07-14 05:09:58,269 INFO    MainThread:41699 [utils.py:fetch_wandb_project_run_info():246] Fetching run info...
2023-07-14 05:09:58,293 INFO    MainThread:41699 [utils.py:check_and_download_code_artifacts():497] Checking for code artifacts
2023-07-14 05:09:59,920 INFO    MainThread:41699 [utils.py:is_bare_wandb_uri():239] Checking if uri https://wandb.ai/mock_server_entity/test/runs/1 is bare...
2023-07-14 05:09:59,961 INFO    MainThread:41699 [_project_spec.py:__init__():130] URI https://wandb.ai/mock_server_entity/test/runs/1 indicates a wandb uri
2023-07-14 05:09:59,964 INFO    MainThread:41699 [_project_spec.py:_fetch_project_local():309] Fetching project locally...
2023-07-14 05:09:59,967 INFO    MainThread:41699 [utils.py:fetch_wandb_project_run_info():246] Fetching run info...
2023-07-14 05:09:59,991 INFO    MainThread:41699 [utils.py:check_and_download_code_artifacts():497] Checking for code artifacts
2023-07-14 05:10:01,284 INFO    MainThread:41699 [utils.py:is_bare_wandb_uri():239] Checking if uri https://wandb.ai/mock_server_entity/test/runs/1 is bare...
2023-07-14 05:10:01,288 INFO    MainThread:41699 [_project_spec.py:__init__():130] URI https://wandb.ai/mock_server_entity/test/runs/1 indicates a wandb uri
2023-07-14 05:10:01,290 INFO    MainThread:41699 [_project_spec.py:_fetch_project_local():309] Fetching project locally...
2023-07-14 05:10:01,292 INFO    MainThread:41699 [utils.py:fetch_wandb_project_run_info():246] Fetching run info...
2023-07-14 05:10:01,327 INFO    MainThread:41699 [utils.py:check_and_download_code_artifacts():497] Checking for code artifacts
2023-07-14 05:10:02,783 INFO    MainThread:41699 [utils.py:is_bare_wandb_uri():239] Checking if uri https://wandb.ai/mock_server_entity/test/runs/1 is bare...
2023-07-14 05:10:02,786 INFO    MainThread:41699 [_project_spec.py:__init__():130] URI https://wandb.ai/mock_server_entity/test/runs/1 indicates a wandb uri
2023-07-14 05:10:02,789 INFO    MainThread:41699 [_project_spec.py:_fetch_project_local():309] Fetching project locally...
2023-07-14 05:10:02,791 INFO    MainThread:41699 [utils.py:fetch_wandb_project_run_info():246] Fetching run info...
2023-07-14 05:10:02,815 INFO    MainThread:41699 [utils.py:check_and_download_code_artifacts():497] Checking for code artifacts
2023-07-14 05:10:03,346 INFO    MainThread:41699 [utils.py:is_bare_wandb_uri():239] Checking if uri https://wandb.ai/mock_server_entity/test/runs/1 is bare...
2023-07-14 05:10:03,349 INFO    MainThread:41699 [_project_spec.py:__init__():130] URI https://wandb.ai/mock_server_entity/test/runs/1 indicates a wandb uri
2023-07-14 05:10:03,351 INFO    MainThread:41699 [_project_spec.py:_fetch_project_local():309] Fetching project locally...
2023-07-14 05:10:03,353 INFO    MainThread:41699 [utils.py:fetch_wandb_project_run_info():246] Fetching run info...
2023-07-14 05:10:03,468 INFO    MainThread:41699 [utils.py:check_and_download_code_artifacts():497] Checking for code artifacts
2023-07-14 05:10:05,142 INFO    MainThread:41699 [utils.py:is_bare_wandb_uri():239] Checking if uri https://wandb.ai/mock_server_entity/test/runs/1 is bare...
2023-07-14 05:10:05,164 INFO    MainThread:41699 [_project_spec.py:__init__():130] URI https://wandb.ai/mock_server_entity/test/runs/1 indicates a wandb uri
2023-07-14 05:10:05,168 INFO    MainThread:41699 [_project_spec.py:_fetch_project_local():309] Fetching project locally...
2023-07-14 05:10:05,170 INFO    MainThread:41699 [utils.py:fetch_wandb_project_run_info():246] Fetching run info...
2023-07-14 05:10:05,189 INFO    MainThread:41699 [utils.py:check_and_download_code_artifacts():497] Checking for code artifacts
2023-07-14 05:10:06,839 INFO    MainThread:41699 [utils.py:is_bare_wandb_uri():239] Checking if uri https://wandb.ai/mock_server_entity/test/runs/1 is bare...
2023-07-14 05:10:06,842 INFO    MainThread:41699 [_project_spec.py:__init__():130] URI https://wandb.ai/mock_server_entity/test/runs/1 indicates a wandb uri
2023-07-14 05:10:06,846 INFO    MainThread:41699 [_project_spec.py:_fetch_project_local():309] Fetching project locally...
2023-07-14 05:10:06,848 INFO    MainThread:41699 [utils.py:fetch_wandb_project_run_info():246] Fetching run info...
2023-07-14 05:10:06,872 INFO    MainThread:41699 [utils.py:check_and_download_code_artifacts():497] Checking for code artifacts
2023-07-14 05:10:08,461 INFO    MainThread:41699 [utils.py:is_bare_wandb_uri():239] Checking if uri https://wandb.ai/mock_server_entity/test/runs/1 is bare...
2023-07-14 05:10:08,464 INFO    MainThread:41699 [_project_spec.py:__init__():130] URI https://wandb.ai/mock_server_entity/test/runs/1 indicates a wandb uri
2023-07-14 05:10:08,467 INFO    MainThread:41699 [_project_spec.py:_fetch_project_local():309] Fetching project locally...
2023-07-14 05:10:08,469 INFO    MainThread:41699 [utils.py:fetch_wandb_project_run_info():246] Fetching run info...
2023-07-14 05:10:08,497 INFO    MainThread:41699 [utils.py:check_and_download_code_artifacts():497] Checking for code artifacts
2023-07-14 05:10:10,765 INFO    MainThread:41699 [wandb_setup.py:_flush():76] Current SDK version is 0.15.6.dev1
2023-07-14 05:10:10,788 INFO    MainThread:41699 [wandb_setup.py:_flush():76] Configure stats pid to 41699
2023-07-14 05:10:10,790 INFO    MainThread:41699 [wandb_setup.py:_flush():76] Loading settings from /Users/estellaxin/.config/wandb/settings
2023-07-14 05:10:10,793 INFO    MainThread:41699 [wandb_setup.py:_flush():76] Loading settings from /private/var/folders/vh/k98fyx251l792bbzj485tdnw0000gp/T/tmp1a0rm70c/wandb/settings
2023-07-14 05:10:10,795 WARNING MainThread:41699 [wandb_setup.py:_flush():76] Unknown environment variable: WANDB_ERROR_REPORTING
2023-07-14 05:10:10,797 INFO    MainThread:41699 [wandb_setup.py:_flush():76] Loading settings from environment variables: {'_network_buffer': '1000', 'username': 'test_run_in_launch_context_with_artifacts_no_match', 'base_url': 'http://localhost:63747', 'api_key': '***REDACTED***'}
2023-07-14 05:10:10,799 INFO    MainThread:41699 [wandb_setup.py:_flush():76] Applying setup settings: {'_disable_service': False}
2023-07-14 05:10:10,800 INFO    MainThread:41699 [wandb_setup.py:_flush():76] Inferring run settings from compute environment: {'program': '<python with no main file>'}
2023-07-14 05:10:10,802 INFO    MainThread:41699 [wandb_init.py:_log_setup():507] Logging user logs to /Users/estellaxin/Projects/wandb/tests/pytest_tests/unit_tests_old/logs/test_run_in_launch_context_with_artifacts_no_match/wandb/run-20230714_051010-htk7047j/logs/debug.log
2023-07-14 05:10:10,805 INFO    MainThread:41699 [wandb_init.py:_log_setup():508] Logging internal logs to /Users/estellaxin/Projects/wandb/tests/pytest_tests/unit_tests_old/logs/test_run_in_launch_context_with_artifacts_no_match/wandb/run-20230714_051010-htk7047j/logs/debug-internal.log
2023-07-14 05:10:10,807 INFO    MainThread:41699 [wandb_init.py:init():547] calling init triggers
2023-07-14 05:10:10,809 INFO    MainThread:41699 [wandb_init.py:init():554] wandb.init called with sweep_config: {}
config: {'epochs': 2, 'lr': 0.004}
2023-07-14 05:10:10,811 INFO    MainThread:41699 [wandb_init.py:init():596] starting backend
2023-07-14 05:10:10,813 INFO    MainThread:41699 [wandb_init.py:init():600] setting up manager
2023-07-14 05:10:10,819 INFO    MainThread:41699 [backend.py:_multiprocessing_setup():106] multiprocessing start_methods=spawn,fork,forkserver, using: spawn
2023-07-14 05:10:10,822 INFO    MainThread:41699 [wandb_init.py:init():606] backend started and connected
2023-07-14 05:10:10,826 INFO    MainThread:41699 [wandb_run.py:_config_callback():1282] config_cb None None {'epochs': 10}
2023-07-14 05:10:10,841 INFO    MainThread:41699 [wandb_init.py:init():697] updated telemetry
2023-07-14 05:10:10,844 INFO    MainThread:41699 [wandb_init.py:init():730] communicating run to backend with 60.0 second timeout
2023-07-14 05:10:10,877 INFO    MainThread:41699 [wandb_run.py:_on_init():2174] communicating current version
2023-07-14 05:10:11,165 INFO    MainThread:41699 [wandb_run.py:_on_init():2183] got version response 
2023-07-14 05:10:11,167 INFO    MainThread:41699 [wandb_init.py:init():781] starting run threads in backend
2023-07-14 05:10:11,240 INFO    MainThread:41699 [wandb_run.py:_console_start():2153] atexit reg
2023-07-14 05:10:11,243 INFO    MainThread:41699 [wandb_run.py:_redirect():2008] redirect: off
2023-07-14 05:10:11,246 INFO    MainThread:41699 [wandb_init.py:init():822] run started, returning control to user process
2023-07-14 05:10:11,513 INFO    MainThread:41699 [wandb_run.py:_finish():1888] finishing run mock_server_entity/test/htk7047j
2023-07-14 05:10:11,516 INFO    MainThread:41699 [wandb_run.py:_atexit_cleanup():2122] got exitcode: 0
2023-07-14 05:10:11,518 INFO    MainThread:41699 [wandb_run.py:_restore():2105] restore
2023-07-14 05:10:11,519 INFO    MainThread:41699 [wandb_run.py:_restore():2111] restore done
2023-07-14 05:10:13,836 WARNING MsgRouterThr:41699 [router.py:message_loop():77] message_loop has been closed
2023-07-14 05:10:22,607 INFO    MainThread:41699 [wandb_run.py:_restore():2105] restore
2023-07-14 05:10:22,627 INFO    MainThread:41699 [wandb_run.py:_restore():2111] restore done
